generate: true
cmd: 'go run ./src -lingua all' 
output: |
    World, Hello!
    Hello, World!
    