cmd: 'xtract -c data/en-us.json'
output: # no output
should_fail: true
