cmd: 'xtract -func github.com/mpictor/go-xtract/_integration/nestedpkgfn/src/pkg.Fn src/*.go'
output: |
    string passed to function in nested pkg
