cmd: 'xtract -c data/en-us.json'
output: # no output
